src/main.tsx(3,17): error TS5097: An import path can only end with a '.tsx' extension when 'allowImportingTsExtensions' is enabled.
src/pages/Calendar.tsx(108,43): error TS2322: Type '{ size: number; style: { opacity: number; marginBottom: string; }; }' is not assignable to type 'IntrinsicAttributes & CalendarProps & RefAttributes<unknown>'.
  Property 'size' does not exist on type 'IntrinsicAttributes & CalendarProps & RefAttributes<unknown>'.
